warning: profiles for the non root package will be ignored, specify profiles at the workspace root:
package:   C:\Users\USER\Documents\ChronoPay-Contracts\contracts\chronopay\Cargo.toml
workspace: C:\Users\USER\Documents\ChronoPay-Contracts\Cargo.toml
   Compiling proc-macro2 v1.0.106
   Compiling quote v1.0.45
   Compiling typenum v1.19.0
   Compiling serde_core v1.0.228
   Compiling zmij v1.0.21
   Compiling serde v1.0.228
   Compiling serde_json v1.0.149
   Compiling generic-array v0.14.9
error: linker `link.exe` not found
  |
  = note: program not found

note: the msvc targets depend on the msvc linker but `link.exe` was not found

note: please ensure that Visual Studio 2017 or later, or Build Tools for Visual Studio were installed with the Visual C++ option.

note: VS Code is a different product, and is not sufficient.

error: could not compile `quote` (build script) due to 1 previous error
warning: build failed, waiting for other jobs to finish...
error: could not compile `proc-macro2` (build script) due to 1 previous error
error: could not compile `typenum` (build script) due to 1 previous error
error: could not compile `generic-array` (build script) due to 1 previous error
error: could not compile `serde_core` (build script) due to 1 previous error
error: could not compile `serde` (build script) due to 1 previous error
error: could not compile `zmij` (build script) due to 1 previous error
error: could not compile `serde_json` (build script) due to 1 previous error
